// Jest Snapshot v1, https://goo.gl/fbAQLP

exports[`should match the snapshot 1`] = `
Array [
  <div
    className="header"
  >
    <div
      className="btnHover first-div"
    >
      <button
        className="btn"
        onClick={[Function]}
        type="button"
      >
        &lt;&lt;
      </button>
      <button
        className="btn"
        disabled={false}
        onClick={[Function]}
        type="button"
      >
        &lt;
      </button>
      <div
        className="todaybtn-div"
      >
        <button
          className="todaybtn"
          onClick={[Function]}
          type="button"
        >
          Today
        </button>
      </div>
    </div>
    <div
      className="
         btnHover second-div"
    >
      <button
        className="btn"
        disabled={false}
        onClick={[Function]}
        type="button"
      >
        January 2023 
      </button>
    </div>
    <div
      className="third-div btnHover"
    >
      <div
        className="dropdown"
      >
        <div
          className="dropdown"
        >
          <button
            className="titlebutton"
            onClick={[Function]}
            type="button"
          >
            Month
          </button>
        </div>
      </div>
      <button
        className="btn"
        onClick={[Function]}
        type="button"
      >
        &gt;
      </button>
      <button
        className="btn"
        onClick={[Function]}
        type="button"
      >
        &gt;&gt;
      </button>
    </div>
  </div>,
  <div
    className="main-div "
  >
    <div
      className="days"
    >
      <div
        className="days-ele"
      >
        Sun
      </div>
      <div
        className="days-ele"
      >
        Mon
      </div>
      <div
        className="days-ele"
      >
        Tue
      </div>
      <div
        className="days-ele"
      >
        Wed
      </div>
      <div
        className="days-ele"
      >
        Thu
      </div>
      <div
        className="days-ele"
      >
        Fri
      </div>
      <div
        className="days-ele"
      >
        Sat
      </div>
    </div>
    <div>
      <div
        className="array"
      >
        <div
          className="array-element"
          onClick={[Function]}
          role="presentation"
          style={Object {}}
        >
          1
        </div>
        <div
          className="array-element"
          onClick={[Function]}
          role="presentation"
          style={Object {}}
        >
          2
        </div>
        <div
          className="array-element"
          onClick={[Function]}
          role="presentation"
          style={Object {}}
        >
          3
        </div>
        <div
          className="array-element"
          onClick={[Function]}
          role="presentation"
          style={Object {}}
        >
          4
        </div>
        <div
          className="array-element"
          onClick={[Function]}
          role="presentation"
          style={Object {}}
        >
          5
        </div>
        <div
          className="array-element"
          onClick={[Function]}
          role="presentation"
          style={Object {}}
        >
          6
        </div>
        <div
          className="array-element"
          onClick={[Function]}
          role="presentation"
          style={Object {}}
        >
          7
        </div>
      </div>
      <div
        className="array"
      >
        <div
          className="array-element"
          onClick={[Function]}
          role="presentation"
          style={Object {}}
        >
          8
        </div>
        <div
          className="array-element"
          onClick={[Function]}
          role="presentation"
          style={Object {}}
        >
          9
        </div>
        <div
          className="array-element"
          onClick={[Function]}
          role="presentation"
          style={Object {}}
        >
          10
        </div>
        <div
          className="array-element"
          onClick={[Function]}
          role="presentation"
          style={Object {}}
        >
          11
        </div>
        <div
          className="array-element"
          onClick={[Function]}
          role="presentation"
          style={Object {}}
        >
          12
        </div>
        <div
          className="array-element"
          onClick={[Function]}
          role="presentation"
          style={Object {}}
        >
          13
        </div>
        <div
          className="array-element"
          onClick={[Function]}
          role="presentation"
          style={Object {}}
        >
          14
        </div>
      </div>
      <div
        className="array"
      >
        <div
          className="array-element"
          onClick={[Function]}
          role="presentation"
          style={Object {}}
        >
          15
        </div>
        <div
          className="array-element"
          onClick={[Function]}
          role="presentation"
          style={Object {}}
        >
          16
        </div>
        <div
          className="array-element"
          onClick={[Function]}
          role="presentation"
          style={Object {}}
        >
          17
        </div>
        <div
          className="array-element"
          onClick={[Function]}
          role="presentation"
          style={
            Object {
              "backgroundColor": "#81d5ea",
            }
          }
        >
          18
        </div>
        <div
          className="array-element"
          onClick={[Function]}
          role="presentation"
          style={Object {}}
        >
          19
        </div>
        <div
          className="array-element"
          onClick={[Function]}
          role="presentation"
          style={Object {}}
        >
          20
        </div>
        <div
          className="array-element"
          onClick={[Function]}
          role="presentation"
          style={Object {}}
        >
          21
        </div>
      </div>
      <div
        className="array"
      >
        <div
          className="array-element"
          onClick={[Function]}
          role="presentation"
          style={Object {}}
        >
          22
        </div>
        <div
          className="array-element"
          onClick={[Function]}
          role="presentation"
          style={Object {}}
        >
          23
        </div>
        <div
          className="array-element"
          onClick={[Function]}
          role="presentation"
          style={Object {}}
        >
          24
        </div>
        <div
          className="array-element"
          onClick={[Function]}
          role="presentation"
          style={Object {}}
        >
          25
        </div>
        <div
          className="array-element"
          onClick={[Function]}
          role="presentation"
          style={Object {}}
        >
          26
        </div>
        <div
          className="array-element"
          onClick={[Function]}
          role="presentation"
          style={Object {}}
        >
          27
        </div>
        <div
          className="array-element"
          onClick={[Function]}
          role="presentation"
          style={Object {}}
        >
          28
        </div>
      </div>
      <div
        className="array"
      >
        <div
          className="array-element"
          onClick={[Function]}
          role="presentation"
          style={Object {}}
        >
          29
        </div>
        <div
          className="array-element"
          onClick={[Function]}
          role="presentation"
          style={Object {}}
        >
          30
        </div>
        <div
          className="array-element"
          onClick={[Function]}
          role="presentation"
          style={Object {}}
        >
          31
        </div>
        <div
          className="array-element"
        />
        <div
          className="array-element"
        />
        <div
          className="array-element"
        />
        <div
          className="array-element"
        />
      </div>
      <div
        className="array"
      >
        <div
          className="array-element"
        />
        <div
          className="array-element"
        />
        <div
          className="array-element"
        />
        <div
          className="array-element"
        />
        <div
          className="array-element"
        />
        <div
          className="array-element"
        />
        <div
          className="array-element"
        />
      </div>
    </div>
  </div>,
]
`;
