// Jest Snapshot v1, https://goo.gl/fbAQLP

exports[`should match the snapshot 1`] = `
<div
  className="viewgrid"
  data-testid="card"
>
  <div
    className="element is-clickable is-flex"
    onClick={[Function]}
    role="presentation"
    type="button"
  >
    January
  </div>
  <div
    className="element is-clickable is-flex"
    onClick={[Function]}
    role="presentation"
    type="button"
  >
    February
  </div>
  <div
    className="element is-clickable is-flex"
    onClick={[Function]}
    role="presentation"
    type="button"
  >
    March
  </div>
  <div
    className="element is-clickable is-flex"
    onClick={[Function]}
    role="presentation"
    type="button"
  >
    April
  </div>
  <div
    className="element is-clickable is-flex"
    onClick={[Function]}
    role="presentation"
    type="button"
  >
    May
  </div>
  <div
    className="element is-clickable is-flex"
    onClick={[Function]}
    role="presentation"
    type="button"
  >
    June
  </div>
  <div
    className="element is-clickable is-flex"
    onClick={[Function]}
    role="presentation"
    type="button"
  >
    July
  </div>
  <div
    className="element is-clickable is-flex"
    onClick={[Function]}
    role="presentation"
    type="button"
  >
    August
  </div>
  <div
    className="element is-clickable is-flex"
    onClick={[Function]}
    role="presentation"
    type="button"
  >
    September
  </div>
  <div
    className="element is-clickable is-flex"
    onClick={[Function]}
    role="presentation"
    type="button"
  >
    October
  </div>
  <div
    className="element is-clickable is-flex"
    onClick={[Function]}
    role="presentation"
    type="button"
  >
    November
  </div>
  <div
    className="element is-clickable is-flex"
    onClick={[Function]}
    role="presentation"
    type="button"
  >
    December
  </div>
</div>
`;
