// Jest Snapshot v1, https://goo.gl/fbAQLP

exports[`should match the snapshot 1`] = `
<div
  className="main-div "
>
  <div
    className="days"
  >
    <div
      className="days-ele"
    >
      Sun
    </div>
    <div
      className="days-ele"
    >
      Mon
    </div>
    <div
      className="days-ele"
    >
      Tue
    </div>
    <div
      className="days-ele"
    >
      Wed
    </div>
    <div
      className="days-ele"
    >
      Thu
    </div>
    <div
      className="days-ele"
    >
      Fri
    </div>
    <div
      className="days-ele"
    >
      Sat
    </div>
  </div>
  <div>
    <div
      className="array"
    >
      <div
        className="array-element"
      />
      <div
        className="array-element"
      />
      <div
        className="array-element"
      />
      <div
        className="array-element"
      />
      <div
        className="array-element"
      />
      <div
        className="array-element"
      />
      <div
        className="array-element"
      />
    </div>
    <div
      className="array"
    >
      <div
        className="array-element"
      />
      <div
        className="array-element"
      />
      <div
        className="array-element"
      />
      <div
        className="array-element"
      />
      <div
        className="array-element"
      />
      <div
        className="array-element"
      />
      <div
        className="array-element"
      />
    </div>
    <div
      className="array"
    >
      <div
        className="array-element"
      />
      <div
        className="array-element"
      />
      <div
        className="array-element"
      />
      <div
        className="array-element"
      />
      <div
        className="array-element"
      />
      <div
        className="array-element"
      />
      <div
        className="array-element"
      />
    </div>
    <div
      className="array"
    >
      <div
        className="array-element"
      />
      <div
        className="array-element"
      />
      <div
        className="array-element"
      />
      <div
        className="array-element"
      />
      <div
        className="array-element"
      />
      <div
        className="array-element"
      />
      <div
        className="array-element"
      />
    </div>
    <div
      className="array"
    >
      <div
        className="array-element"
      />
      <div
        className="array-element"
      />
      <div
        className="array-element"
      />
      <div
        className="array-element"
      />
      <div
        className="array-element"
      />
      <div
        className="array-element"
      />
      <div
        className="array-element"
      />
    </div>
    <div
      className="array"
    >
      <div
        className="array-element"
      />
      <div
        className="array-element"
      />
      <div
        className="array-element"
      />
      <div
        className="array-element"
      />
      <div
        className="array-element"
      />
      <div
        className="array-element"
      />
      <div
        className="array-element"
      />
    </div>
  </div>
</div>
`;
