// Jest Snapshot v1, https://goo.gl/fbAQLP

exports[`should match the snapshot 1`] = `
<div>
  <button
    className="button is-primary is-clickable"
    onClick={[Function]}
    type="button"
  >
    <div
      className="textContent"
    >
      <span>
        Month
      </span>
      <span
        className="icon is-small"
      >
        <i
          aria-hidden="true"
          className="fas fa-angle-down"
        />
      </span>
    </div>
  </button>
</div>
`;
