// Jest Snapshot v1, https://goo.gl/fbAQLP

exports[`should match the snapshot 1`] = `
<div
  className="header"
>
  <div
    className="btnHover first-div"
  >
    <button
      className="btn is-clickable"
      onClick={[Function]}
      type="button"
    >
      &lt;&lt;
    </button>
    <button
      className="btn is-clickable"
      disabled={false}
      onClick={[Function]}
      type="button"
    >
      &lt;
    </button>
    <div
      className="todaybtn-div"
    >
      <button
        className="todaybtn button is-primary is-clickable"
        onClick={[Function]}
        type="button"
      >
        Today
      </button>
    </div>
  </div>
  <div
    className="
         btnHover second-div"
  >
    <button
      className="btn btnHover is-size-6-mobile is-size-5-tablet is-size-4-desktop is-clickable"
      disabled={false}
      onClick={[Function]}
      type="button"
    />
  </div>
  <div
    className="third-div btnHover"
  >
    <div>
      <button
        className="button is-primary is-clickable"
        onClick={[Function]}
        type="button"
      >
        <div
          className="textContent"
        >
          <span>
            Month
          </span>
          <span
            className="icon is-small"
          >
            <i
              aria-hidden="true"
              className="fas fa-angle-down"
            />
          </span>
        </div>
      </button>
    </div>
    <button
      className="btn is-clickable"
      onClick={[Function]}
      type="button"
    >
      &gt;
    </button>
    <button
      className="btn is-clickable"
      onClick={[Function]}
      type="button"
    >
      &gt;&gt;
    </button>
  </div>
</div>
`;
